12:00:10 **** Incremental Build of configuration Debug for project MCU_specific_headerFile ****
make -j8 all 
arm-none-eabi-gcc "../Src/main.c" -mcpu=cortex-m4 -std=gnu11 -g3 -DDEBUG -DNUCLEO_F401RE -DSTM32 -DSTM32F401RETx -DSTM32F4 -c -I../Inc -I"C:/Users/ravindra/Desktop/KJ/STM32embedded/Embedded_Driver_Development/target/MCU_specific_headerFile/Driver/Inc" -O0 -ffunction-sections -fdata-sections -Wall -fstack-usage -fcyclomatic-complexity -MMD -MP -MF"Src/main.d" -MT"Src/main.o" --specs=nano.specs -mfpu=fpv4-sp-d16 -mfloat-abi=hard -mthumb -o "Src/main.o"
arm-none-eabi-gcc "../Src/syscalls.c" -mcpu=cortex-m4 -std=gnu11 -g3 -DDEBUG -DNUCLEO_F401RE -DSTM32 -DSTM32F401RETx -DSTM32F4 -c -I../Inc -I"C:/Users/ravindra/Desktop/KJ/STM32embedded/Embedded_Driver_Development/target/MCU_specific_headerFile/Driver/Inc" -O0 -ffunction-sections -fdata-sections -Wall -fstack-usage -fcyclomatic-complexity -MMD -MP -MF"Src/syscalls.d" -MT"Src/syscalls.o" --specs=nano.specs -mfpu=fpv4-sp-d16 -mfloat-abi=hard -mthumb -o "Src/syscalls.o"
arm-none-eabi-gcc "../Src/sysmem.c" -mcpu=cortex-m4 -std=gnu11 -g3 -DDEBUG -DNUCLEO_F401RE -DSTM32 -DSTM32F401RETx -DSTM32F4 -c -I../Inc -I"C:/Users/ravindra/Desktop/KJ/STM32embedded/Embedded_Driver_Development/target/MCU_specific_headerFile/Driver/Inc" -O0 -ffunction-sections -fdata-sections -Wall -fstack-usage -fcyclomatic-complexity -MMD -MP -MF"Src/sysmem.d" -MT"Src/sysmem.o" --specs=nano.specs -mfpu=fpv4-sp-d16 -mfloat-abi=hard -mthumb -o "Src/sysmem.o"
arm-none-eabi-gcc -o "MCU_specific_headerFile.elf" @"objects.list"   -mcpu=cortex-m4 -T"C:\Users\ravindra\Desktop\KJ\STM32embedded\Embedded_Driver_Development\target\MCU_specific_headerFile\STM32F401RETX_FLASH.ld" --specs=nosys.specs -Wl,-Map="MCU_specific_headerFile.map" -Wl,--gc-sections -static --specs=nano.specs -mfpu=fpv4-sp-d16 -mfloat-abi=hard -mthumb -Wl,--start-group -lc -lm -Wl,--end-group
Finished building target: MCU_specific_headerFile.elf
 
arm-none-eabi-size   MCU_specific_headerFile.elf 
arm-none-eabi-objdump -h -S  MCU_specific_headerFile.elf  > "MCU_specific_headerFile.list"
   text	   data	    bss	    dec	    hex	filename
    656	      8	   1568	   2232	    8b8	MCU_specific_headerFile.elf
Finished building: default.size.stdout
 
Finished building: MCU_specific_headerFile.list
 

12:00:14 Build Finished. 0 errors, 0 warnings. (took 4s.101ms)

