11:30:57 **** Incremental Build of configuration Debug for project Vector ****
make -j8 all 
arm-none-eabi-gcc "../Src/main.c" -mcpu=cortex-m4 -std=gnu11 -g3 -DDEBUG -DNUCLEO_F401RE -DSTM32 -DSTM32F401RETx -DSTM32F4 -c -I../Inc -O0 -ffunction-sections -fdata-sections -Wall -fstack-usage -fcyclomatic-complexity -MMD -MP -MF"Src/main.d" -MT"Src/main.o" --specs=nano.specs -mfpu=fpv4-sp-d16 -mfloat-abi=hard -mthumb -o "Src/main.o"
arm-none-eabi-gcc -o "Vector.elf" @"objects.list"   -mcpu=cortex-m4 -T"C:\Users\ravindra\Desktop\KJ\STM32embedded\Embedded_Driver_Development\target\Vector\STM32F401RETX_FLASH.ld" --specs=nosys.specs -Wl,-Map="Vector.map" -Wl,--gc-sections -static --specs=nano.specs -mfpu=fpv4-sp-d16 -mfloat-abi=hard -mthumb -Wl,--start-group -lc -lm -Wl,--end-group
Finished building target: Vector.elf
 
arm-none-eabi-size   Vector.elf 
arm-none-eabi-objdump -h -S  Vector.elf  > "Vector.list"
   text	   data	    bss	    dec	    hex	filename
   3544	    128	   1904	   5576	   15c8	Vector.elf
Finished building: default.size.stdout
 
Finished building: Vector.list
 

11:31:00 Build Finished. 0 errors, 0 warnings. (took 3s.427ms)

